Microchip MPLAB XC8 Compiler V1.44 ()

Linker command line:

-W-3 --edf=C:\Program Files (x86)\Microchip\xc8\v1.44\dat\en_msgs.txt -cs \
  -h+dist/default/production\Programa_laberinto.X.production.sym \
  --cmf=dist/default/production\Programa_laberinto.X.production.cmf -z \
  -Q18F45K22 -oC:\Users\USER\AppData\Local\Temp\s740.2 \
  -Mdist/default/production/Programa_laberinto.X.production.map -E1 \
  -ver=XC8 -ASTACK=0B9h-05ffh -pstack=STACK -ACODE=00h-07FFFh \
  -ACONST=00h-07FFFh -ASMALLCONST=0600h-06FFhx122 \
  -AMEDIUMCONST=0600h-07FFFh -ACOMRAM=01h-05Fh -AABS1=00h-05FFh \
  -ABIGRAM=01h-05FFh -ARAM=060h-0FFh,0100h-01FFhx5 -ABANK0=060h-0FFh \
  -ABANK1=0100h-01FFh -ABANK2=0200h-02FFh -ABANK3=0300h-03FFh \
  -ABANK4=0400h-04FFh -ABANK5=0500h-05FFh -ASFR=0F38h-0F5Fh,0F60h-0FFFh \
  -preset_vec=00h,intcode=08h,intcodelo,powerup,init -pramtop=0600h \
  -psmallconst=SMALLCONST -pmediumconst=MEDIUMCONST -pconst=CONST \
  -AFARRAM=00h-00h -ACONFIG=0300000h-030000Dh -pconfig=CONFIG \
  -AIDLOC=0200000h-0200007h -pidloc=IDLOC -AEEDATA=0F00000h-0F000FFh \
  -peeprom_data=EEDATA \
  -prdata=COMRAM,nvrram=COMRAM,nvbit=COMRAM,rbss=COMRAM,rbit=COMRAM \
  -pfarbss=FARRAM,fardata=FARRAM,nvFARRAM=FARRAM \
  -pintsave_regs=BIGRAM,bigbss=BIGRAM,bigdata=BIGRAM -pbss=RAM \
  -pidata=CODE,irdata=CODE,ibigdata=CODE,ifardata=CODE -prparam=COMRAM \
  C:\Users\USER\AppData\Local\Temp\s740.obj \
  dist/default/production\Programa_laberinto.X.production.obj 

Object code version is 3.11

Machine type is 18F45K22

Call graph: (short form)




                Name                               Link     Load   Length Selector   Space Scale
C:\Users\USER\AppData\Local\Temp\s740.obj
                init                                 D6       D6        4        4       0
                reset_vec                             0        0        4        0       0
                idloc                            200000   200000        8   200000       0
                config                           300000   300000        E   300000       0
dist/default/production\Programa_laberinto.X.production.obj
                intcode                               8        8       CE        4       0
                temp                                 4D       4D        1        1       1
                text37                              CAA      CAA       24        4       0
                text36                              D96      D96        6        4       0
                text35                              DA0      DA0        2        4       0
                text34                              D90      D90        6        4       0
                text33                              82E      82E       AA        4       0
                text32                              C32      C32       2E        4       0
                text30                              CE8      CE8       16        4       0
                text29                              D80      D80        A        4       0
                text28                              D76      D76        A        4       0
                text27                              D6C      D6C        A        4       0
                text26                              D62      D62        A        4       0
                text25                              D58      D58        A        4       0
                text24                              95C      95C       74        4       0
                text23                              D9C      D9C        4        4       0
                text22                              D38      D38       12        4       0
                text21                              B26      B26       40        4       0
                text20                              D12      D12       14        4       0
                text19                              CFE      CFE       14        4       0
                text18                              D4A      D4A        E        4       0
                text17                              D26      D26       12        4       0
                text16                              C60      C60       26        4       0
                text15                              8D8      8D8       84        4       0
                text14                              4AA      4AA       F8        4       0
                text13                              780      780       AE        4       0
                text12                              B66      B66       38        4       0
                text11                              2FE      2FE      1AC        4       0
                text10                              5A2      5A2       F4        4       0
                text9                               C86      C86       24        4       0
                text8                               696      696       EA        4       0
                text7                               C02      C02       30        4       0
                text6                               9D0      9D0       72        4       0
                text5                               BD0      BD0       32        4       0
                text4                               A90      A90       4E        4       0
                text3                               B9E      B9E       32        4       0
                text2                               A42      A42       4E        4       0
                text1                               CCE      CCE       1A        4       0
                text0                                DA       DA      224        4       0
                cstackCOMRAM                          1        1       3A        1       1
                cstackBANK0                          60       60       2E       60       1
                dataBANK0                            B3       B3        6       60       1
                bssBANK0                             8E       8E       25       60       1
                bssCOMRAM                            3B       3B       11        1       1
                bitbssCOMRAM                        260       4C        1        1       1     8
                cinit                               ADE      ADE       48        4       0
                idataBANK0                          D8A      D8A        6        4       0

TOTAL           Name                               Link     Load   Length     Space
        CLASS   STACK          

        CLASS   CODE           
                intcode                               8        8       CE         0
                init                                 D6       D6        4         0
                reset_vec                             0        0        4         0
                text37                              CAA      CAA       24         0
                text36                              D96      D96        6         0
                text35                              DA0      DA0        2         0
                text34                              D90      D90        6         0
                text33                              82E      82E       AA         0
                text32                              C32      C32       2E         0
                text30                              CE8      CE8       16         0
                text29                              D80      D80        A         0
                text28                              D76      D76        A         0
                text27                              D6C      D6C        A         0
                text26                              D62      D62        A         0
                text25                              D58      D58        A         0
                text24                              95C      95C       74         0
                text23                              D9C      D9C        4         0
                text22                              D38      D38       12         0
                text21                              B26      B26       40         0
                text20                              D12      D12       14         0
                text19                              CFE      CFE       14         0
                text18                              D4A      D4A        E         0
                text17                              D26      D26       12         0
                text16                              C60      C60       26         0
                text15                              8D8      8D8       84         0
                text14                              4AA      4AA       F8         0
                text13                              780      780       AE         0
                text12                              B66      B66       38         0
                text11                              2FE      2FE      1AC         0
                text10                              5A2      5A2       F4         0
                text9                               C86      C86       24         0
                text8                               696      696       EA         0
                text7                               C02      C02       30         0
                text6                               9D0      9D0       72         0
                text5                               BD0      BD0       32         0
                text4                               A90      A90       4E         0
                text3                               B9E      B9E       32         0
                text2                               A42      A42       4E         0
                text1                               CCE      CCE       1A         0
                text0                                DA       DA      224         0
                cinit                               ADE      ADE       48         0
                idataBANK0                          D8A      D8A        6         0

        CLASS   CONST          

        CLASS   SMALLCONST     

        CLASS   MEDIUMCONST    

        CLASS   COMRAM         
                temp                                 4D       4D        1         1
                cstackCOMRAM                          1        1       3A         1
                bssCOMRAM                            3B       3B       11         1
                bitbssCOMRAM                        260       4C        1         1

        CLASS   ABS1           

        CLASS   BIGRAM         

        CLASS   RAM            

        CLASS   BANK0          
                cstackBANK0                          60       60       2E         1
                dataBANK0                            B3       B3        6         1
                bssBANK0                             8E       8E       25         1

        CLASS   BANK1          

        CLASS   BANK2          

        CLASS   BANK3          

        CLASS   BANK4          

        CLASS   BANK5          

        CLASS   SFR            

        CLASS   FARRAM         

        CLASS   CONFIG         
                config                           300000   300000        E         0

        CLASS   IDLOC          
                idloc                            200000   200000        8         0

        CLASS   EEDATA         



SEGMENTS        Name                           Load    Length   Top    Selector   Space  Class

                reset_vec                      000000  000004  000004         0       0  CODE    
                cstackCOMRAM                   000001  00004D  00004E         1       1  COMRAM  
                intcode                        000008  000D9A  000DA2         4       0  CODE    
                cstackBANK0                    000060  000059  0000B9        60       1  BANK0   
                idloc                          200000  000008  200008    200000       0  IDLOC   
                config                         300000  00000E  30000E    300000       0  CONFIG  


UNUSED ADDRESS RANGES

        Name                Unused          Largest block    Delta
        BANK0            0000B9-0000FF               47
        BANK1            000100-0001FF              100
        BANK2            000200-0002FF              100
        BANK3            000300-0003FF              100
        BANK4            000400-0004FF              100
        BANK5            000500-0005FF              100
        BIGRAM           00004E-00005F               12
                         0000B9-0005FF              547
        CODE             000004-000007                4
                         000DA2-007FFF             725E
        COMRAM           00004E-00005F               12
        CONST            000004-000007                4
                         000DA2-007FFF             725E
        EEDATA           F00000-F000FF              100
        MEDIUMCONST      000DA2-007FFF             725E
        RAM              0000B9-0005FF              100
        SFR              000F38-000FFF               28
        SMALLCONST       000DA2-007FFF              100
        STACK            0000B9-0005FF              547

                                  Symbol Table

?_ADC_GetConversion                             cstackCOMRAM 000013
?___awdiv                                       cstackCOMRAM 000013
?___awtoft                                      cstackCOMRAM 00001B
?___ftadd                                       cstackCOMRAM 00001B
?___ftmul                                       cstackCOMRAM 000027
?___ftneg                                       cstackCOMRAM 000013
?___ftpack                                      cstackCOMRAM 000013
?___fttol                                       cstackBANK0  00006C
?_calculo_PID                                   cstackCOMRAM 000036
ADC_GetConversion@channel                       cstackCOMRAM 000017
EUSART1_SetErrorHandler@interruptHandler        cstackCOMRAM 000013
EUSART1_SetFramingErrorHandler@interruptHandler cstackCOMRAM 000013
EUSART1_SetOverrunErrorHandler@interruptHandler cstackCOMRAM 000013
EUSART1_SetRxInterruptHandler@interruptHandler  cstackCOMRAM 000013
EUSART1_SetTxInterruptHandler@interruptHandler  cstackCOMRAM 000013
PWM4_LoadDutyValue@dutyValue                    cstackCOMRAM 000013
PWM5_LoadDutyValue@dutyValue                    cstackCOMRAM 000013
_ADCON0                                         (abs)        000FC2
_ADCON0bits                                     (abs)        000FC2
_ADCON1                                         (abs)        000FC1
_ADCON2                                         (abs)        000FC0
_ADC_GetConversion                              text7        000C02
_ADC_Initialize                                 text30       000CE8
_ADRESH                                         (abs)        000FC4
_ADRESL                                         (abs)        000FC3
_ANSELA                                         (abs)        000F38
_ANSELB                                         (abs)        000F39
_ANSELC                                         (abs)        000F3A
_ANSELD                                         (abs)        000F3B
_ANSELE                                         (abs)        000F3C
_BAUDCON1                                       (abs)        000FB8
_CCP4CON                                        (abs)        000F57
_CCP5CON                                        (abs)        000F54
_CCPR4H                                         (abs)        000F59
_CCPR4L                                         (abs)        000F58
_CCPR5H                                         (abs)        000F56
_CCPR5L                                         (abs)        000F55
_CCPTMRS1bits                                   (abs)        000F48
_EUSART1_DefaultErrorHandler                    text36       000D96
_EUSART1_DefaultFramingErrorHandler             text35       000DA0
_EUSART1_DefaultOverrunErrorHandler             text34       000D90
_EUSART1_ErrorHandler                           bssBANK0     0000A9
_EUSART1_FramingErrorHandler                    bssCOMRAM    00003D
_EUSART1_Initialize                             text24       00095C
_EUSART1_OverrunErrorHandler                    bssCOMRAM    00003B
_EUSART1_Receive_ISR                            text33       00082E
_EUSART1_RxDataHandler                          text37       000CAA
_EUSART1_RxDefaultInterruptHandler              bssCOMRAM    000041
_EUSART1_SetErrorHandler                        text29       000D80
_EUSART1_SetFramingErrorHandler                 text28       000D76
_EUSART1_SetOverrunErrorHandler                 text27       000D6C
_EUSART1_SetRxInterruptHandler                  text26       000D62
_EUSART1_SetTxInterruptHandler                  text25       000D58
_EUSART1_Transmit_ISR                           text32       000C32
_EUSART1_TxDefaultInterruptHandler              bssCOMRAM    000043
_INTCON2bits                                    (abs)        000FF1
_INTCONbits                                     (abs)        000FF2
_INTERRUPT_Initialize                           text23       000D9C
_INTERRUPT_InterruptManager                     intcode      000008
_KD                                             dataBANK0    0000B3
_KP                                             dataBANK0    0000B6
_LATA                                           (abs)        000F89
_LATB                                           (abs)        000F8A
_LATC                                           (abs)        000F8B
_LATC1                                          (abs)        007C59
_LATC2                                          (abs)        007C5A
_LATC3                                          (abs)        007C5B
_LATC7                                          (abs)        007C5F
_LATD                                           (abs)        000F8C
_LATD0                                          (abs)        007C60
_LATD2                                          (abs)        007C62
_LATE                                           (abs)        000F8D
_OSCCON                                         (abs)        000FD3
_OSCCON2                                        (abs)        000FD2
_OSCILLATOR_Initialize                          text22       000D38
_OSCTUNE                                        (abs)        000F9B
_PIE1bits                                       (abs)        000F9D
_PIN_MANAGER_Initialize                         text21       000B26
_PIR1bits                                       (abs)        000F9E
_PIR5bits                                       (abs)        000F7E
_PLLRDY                                         (abs)        007E97
_PORTBbits                                      (abs)        000F81
_PR2                                            (abs)        000FBB
_PR4                                            (abs)        000F52
_PWM4_Initialize                                text20       000D12
_PWM4_LoadDutyValue                             text3        000B9E
_PWM5_Initialize                                text19       000CFE
_PWM5_LoadDutyValue                             text5        000BD0
_RCONbits                                       (abs)        000FD0
_RCREG1                                         (abs)        000FAE
_RCSTA1                                         (abs)        000FAB
_RCSTA1bits                                     (abs)        000FAB
_SPBRG1                                         (abs)        000FAF
_SPBRGH1                                        (abs)        000FB0
_SYSTEM_Initialize                              text16       000C60
_T2CON                                          (abs)        000FBA
_T2CONbits                                      (abs)        000FBA
_T4CON                                          (abs)        000F51
_T4CONbits                                      (abs)        000F51
_TMR2                                           (abs)        000FBC
_TMR2_Initialize                                text18       000D4A
_TMR4                                           (abs)        000F53
_TMR4_Initialize                                text17       000D26
_TRISA                                          (abs)        000F92
_TRISB                                          (abs)        000F93
_TRISC                                          (abs)        000F94
_TRISD                                          (abs)        000F95
_TRISE                                          (abs)        000F96
_TXREG1                                         (abs)        000FAD
_TXSTA1                                         (abs)        000FAC
_TXSTA1bits                                     (abs)        000FAC
_WPUB                                           (abs)        000F61
__CFG_BOREN$SBORDIS                             (abs)        000000
__CFG_BORV$190                                  (abs)        000000
__CFG_CCP2MX$PORTC1                             (abs)        000000
__CFG_CCP3MX$PORTB5                             (abs)        000000
__CFG_CP0$OFF                                   (abs)        000000
__CFG_CP1$OFF                                   (abs)        000000
__CFG_CP2$OFF                                   (abs)        000000
__CFG_CP3$OFF                                   (abs)        000000
__CFG_CPB$OFF                                   (abs)        000000
__CFG_CPD$OFF                                   (abs)        000000
__CFG_DEBUG$OFF                                 (abs)        000000
__CFG_EBTR0$OFF                                 (abs)        000000
__CFG_EBTR1$OFF                                 (abs)        000000
__CFG_EBTR2$OFF                                 (abs)        000000
__CFG_EBTR3$OFF                                 (abs)        000000
__CFG_EBTRB$OFF                                 (abs)        000000
__CFG_FCMEN$OFF                                 (abs)        000000
__CFG_FOSC$INTIO67                              (abs)        000000
__CFG_HFOFST$ON                                 (abs)        000000
__CFG_IESO$OFF                                  (abs)        000000
__CFG_LVP$ON                                    (abs)        000000
__CFG_MCLRE$EXTMCLR                             (abs)        000000
__CFG_P2BMX$PORTD2                              (abs)        000000
__CFG_PBADEN$ON                                 (abs)        000000
__CFG_PLLCFG$OFF                                (abs)        000000
__CFG_PRICLKEN$ON                               (abs)        000000
__CFG_PWRTEN$OFF                                (abs)        000000
__CFG_STVREN$ON                                 (abs)        000000
__CFG_T3CMX$PORTC0                              (abs)        000000
__CFG_WDTEN$OFF                                 (abs)        000000
__CFG_WDTPS$32768                               (abs)        000000
__CFG_WRT0$OFF                                  (abs)        000000
__CFG_WRT1$OFF                                  (abs)        000000
__CFG_WRT2$OFF                                  (abs)        000000
__CFG_WRT3$OFF                                  (abs)        000000
__CFG_WRTB$OFF                                  (abs)        000000
__CFG_WRTC$OFF                                  (abs)        000000
__CFG_WRTD$OFF                                  (abs)        000000
__CFG_XINST$OFF                                 (abs)        000000
__HRAM                                          (abs)        000000
__Habs1                                         abs1         000000
__Hbank0                                        bank0        000000
__Hbank1                                        bank1        000000
__Hbank2                                        bank2        000000
__Hbank3                                        bank3        000000
__Hbank4                                        bank4        000000
__Hbank5                                        bank5        000000
__Hbigbss                                       bigbss       000000
__Hbigdata                                      bigdata      000000
__Hbigram                                       bigram       000000
__HbitbssCOMRAM                                 bitbssCOMRAM 000000
__Hbss                                          bss          000000
__HbssBANK0                                     bssBANK0     000000
__HbssCOMRAM                                    bssCOMRAM    000000
__Hcinit                                        cinit        000000
__Hclrtext                                      clrtext      000000
__Hcomram                                       comram       000000
__Hconfig                                       config       30000E
__Hconst                                        const        000000
__HcstackBANK0                                  cstackBANK0  000000
__HcstackCOMRAM                                 cstackCOMRAM 000000
__Hdata                                         data         000000
__HdataBANK0                                    dataBANK0    000000
__Heeprom_data                                  eeprom_data  000000
__Hfarbss                                       farbss       000000
__Hfardata                                      fardata      000000
__Hibigdata                                     ibigdata     000000
__Hidata                                        idata        000000
__HidataBANK0                                   idataBANK0   000000
__Hidloc                                        idloc        200008
__Hifardata                                     ifardata     000000
__Hinit                                         init         0000DA
__Hintcode                                      intcode      0000D6
__Hintcode_body                                 intcode_body 000000
__Hintcodelo                                    intcodelo    0000D6
__Hintentry                                     intentry     000000
__Hintret                                       intret       000000
__Hintsave_regs                                 intsave_regs 000000
__Hirdata                                       irdata       000000
__Hmediumconst                                  mediumconst  000000
__HnvFARRAM                                     nvFARRAM     000000
__Hnvbit                                        nvbit        000000
__Hnvrram                                       nvrram       000000
__Hparam                                        rparam       000000
__Hpowerup                                      powerup      0000D6
__Hram                                          ram          000000
__Hramtop                                       ramtop       000600
__Hrbit                                         rbit         000000
__Hrbss                                         rbss         000000
__Hrdata                                        rdata        000000
__Hreset_vec                                    reset_vec    000004
__Hrparam                                       rparam       000000
__Hsfr                                          sfr          000000
__Hsmallconst                                   smallconst   000000
__Hspace_0                                      (abs)        30000E
__Hspace_1                                      (abs)        000261
__Hspace_2                                      (abs)        000000
__Hstack                                        stack        000000
__Hstruct                                       struct       000000
__Htemp                                         temp         00004E
__Htext                                         text         000000
__Htext0                                        text0        000000
__Htext1                                        text1        000000
__Htext10                                       text10       000000
__Htext11                                       text11       000000
__Htext12                                       text12       000000
__Htext13                                       text13       000000
__Htext14                                       text14       000000
__Htext15                                       text15       000000
__Htext16                                       text16       000000
__Htext17                                       text17       000000
__Htext18                                       text18       000000
__Htext19                                       text19       000000
__Htext2                                        text2        000000
__Htext20                                       text20       000000
__Htext21                                       text21       000000
__Htext22                                       text22       000000
__Htext23                                       text23       000000
__Htext24                                       text24       000000
__Htext25                                       text25       000000
__Htext26                                       text26       000000
__Htext27                                       text27       000000
__Htext28                                       text28       000000
__Htext29                                       text29       000000
__Htext3                                        text3        000000
__Htext30                                       text30       000000
__Htext32                                       text32       000000
__Htext33                                       text33       000000
__Htext34                                       text34       000000
__Htext35                                       text35       000000
__Htext36                                       text36       000000
__Htext37                                       text37       000000
__Htext38                                       text38       000000
__Htext4                                        text4        000000
__Htext5                                        text5        000000
__Htext6                                        text6        000000
__Htext7                                        text7        000000
__Htext8                                        text8        000000
__Htext9                                        text9        000000
__LRAM                                          (abs)        000001
__Labs1                                         abs1         000000
__Lbank0                                        bank0        000000
__Lbank1                                        bank1        000000
__Lbank2                                        bank2        000000
__Lbank3                                        bank3        000000
__Lbank4                                        bank4        000000
__Lbank5                                        bank5        000000
__Lbigbss                                       bigbss       000000
__Lbigdata                                      bigdata      000000
__Lbigram                                       bigram       000000
__LbitbssCOMRAM                                 bitbssCOMRAM 000000
__Lbss                                          bss          000000
__LbssBANK0                                     bssBANK0     000000
__LbssCOMRAM                                    bssCOMRAM    000000
__Lcinit                                        cinit        000000
__Lclrtext                                      clrtext      000000
__Lcomram                                       comram       000000
__Lconfig                                       config       300000
__Lconst                                        const        000000
__LcstackBANK0                                  cstackBANK0  000000
__LcstackCOMRAM                                 cstackCOMRAM 000000
__Ldata                                         data         000000
__LdataBANK0                                    dataBANK0    000000
__Leeprom_data                                  eeprom_data  000000
__Lfarbss                                       farbss       000000
__Lfardata                                      fardata      000000
__Libigdata                                     ibigdata     000000
__Lidata                                        idata        000000
__LidataBANK0                                   idataBANK0   000000
__Lidloc                                        idloc        200000
__Lifardata                                     ifardata     000000
__Linit                                         init         0000D6
__Lintcode                                      intcode      000008
__Lintcode_body                                 intcode_body 000000
__Lintcodelo                                    intcodelo    0000D6
__Lintentry                                     intentry     000000
__Lintret                                       intret       000000
__Lintsave_regs                                 intsave_regs 000000
__Lirdata                                       irdata       000000
__Lmediumconst                                  mediumconst  000000
__LnvFARRAM                                     nvFARRAM     000000
__Lnvbit                                        nvbit        000000
__Lnvrram                                       nvrram       000000
__Lparam                                        rparam       000000
__Lpowerup                                      powerup      0000D6
__Lram                                          ram          000000
__Lramtop                                       ramtop       000600
__Lrbit                                         rbit         000000
__Lrbss                                         rbss         000000
__Lrdata                                        rdata        000000
__Lreset_vec                                    reset_vec    000000
__Lrparam                                       rparam       000000
__Lsfr                                          sfr          000000
__Lsmallconst                                   smallconst   000000
__Lspace_0                                      (abs)        000000
__Lspace_1                                      (abs)        000000
__Lspace_2                                      (abs)        000000
__Lstack                                        stack        000000
__Lstruct                                       struct       000000
__Ltemp                                         temp         00004D
__Ltext                                         text         000000
__Ltext0                                        text0        000000
__Ltext1                                        text1        000000
__Ltext10                                       text10       000000
__Ltext11                                       text11       000000
__Ltext12                                       text12       000000
__Ltext13                                       text13       000000
__Ltext14                                       text14       000000
__Ltext15                                       text15       000000
__Ltext16                                       text16       000000
__Ltext17                                       text17       000000
__Ltext18                                       text18       000000
__Ltext19                                       text19       000000
__Ltext2                                        text2        000000
__Ltext20                                       text20       000000
__Ltext21                                       text21       000000
__Ltext22                                       text22       000000
__Ltext23                                       text23       000000
__Ltext24                                       text24       000000
__Ltext25                                       text25       000000
__Ltext26                                       text26       000000
__Ltext27                                       text27       000000
__Ltext28                                       text28       000000
__Ltext29                                       text29       000000
__Ltext3                                        text3        000000
__Ltext30                                       text30       000000
__Ltext32                                       text32       000000
__Ltext33                                       text33       000000
__Ltext34                                       text34       000000
__Ltext35                                       text35       000000
__Ltext36                                       text36       000000
__Ltext37                                       text37       000000
__Ltext38                                       text38       000000
__Ltext4                                        text4        000000
__Ltext5                                        text5        000000
__Ltext6                                        text6        000000
__Ltext7                                        text7        000000
__Ltext8                                        text8        000000
__Ltext9                                        text9        000000
__S0                                            (abs)        30000E
__S1                                            (abs)        0000B9
__S2                                            (abs)        000000
___awdiv                                        text15       0008D8
___awdiv@counter                                cstackCOMRAM 000017
___awdiv@dividend                               cstackCOMRAM 000013
___awdiv@divisor                                cstackCOMRAM 000015
___awdiv@quotient                               cstackCOMRAM 000019
___awdiv@sign                                   cstackCOMRAM 000018
___awtoft                                       text12       000B66
___awtoft@c                                     cstackCOMRAM 00001B
___awtoft@sign                                  cstackCOMRAM 00001E
___ftadd                                        text11       0002FE
___ftadd@exp1                                   cstackCOMRAM 000026
___ftadd@exp2                                   cstackCOMRAM 000025
___ftadd@f1                                     cstackCOMRAM 00001B
___ftadd@f2                                     cstackCOMRAM 00001E
___ftadd@sign                                   cstackCOMRAM 000024
___ftmul                                        text10       0005A2
___ftmul@cntr                                   cstackCOMRAM 000034
___ftmul@exp                                    cstackCOMRAM 000030
___ftmul@f1                                     cstackCOMRAM 000027
___ftmul@f2                                     cstackCOMRAM 00002A
___ftmul@f3_as_product                          cstackCOMRAM 000031
___ftmul@sign                                   cstackCOMRAM 000035
___ftneg                                        text9        000C86
___ftneg@f1                                     cstackCOMRAM 000013
___ftpack                                       text13       000780
___ftpack@arg                                   cstackCOMRAM 000013
___ftpack@exp                                   cstackCOMRAM 000016
___ftpack@sign                                  cstackCOMRAM 000017
___fttol                                        text14       0004AA
___fttol@exp1                                   cstackBANK0  00007A
___fttol@f1                                     cstackBANK0  00006C
___fttol@lval                                   cstackBANK0  000076
___fttol@sign1                                  cstackBANK0  000075
___inthi_sp                                     stack        000000
___intlo_sp                                     stack        000000
___param_bank                                   (abs)        000000
___rparam_used                                  (abs)        000001
___sp                                           stack        000000
__accesstop                                     (abs)        000060
__activetblptr                                  (abs)        000002
__end_of_ADC_GetConversion                      text7        000C32
__end_of_ADC_Initialize                         text30       000CFE
__end_of_EUSART1_DefaultErrorHandler            text36       000D9C
__end_of_EUSART1_DefaultFramingErrorHandler     text35       000DA2
__end_of_EUSART1_DefaultOverrunErrorHandler     text34       000D96
__end_of_EUSART1_Initialize                     text24       0009D0
__end_of_EUSART1_Receive_ISR                    text33       0008D8
__end_of_EUSART1_RxDataHandler                  text37       000CCE
__end_of_EUSART1_SetErrorHandler                text29       000D8A
__end_of_EUSART1_SetFramingErrorHandler         text28       000D80
__end_of_EUSART1_SetOverrunErrorHandler         text27       000D76
__end_of_EUSART1_SetRxInterruptHandler          text26       000D6C
__end_of_EUSART1_SetTxInterruptHandler          text25       000D62
__end_of_EUSART1_Transmit_ISR                   text32       000C60
__end_of_INTERRUPT_Initialize                   text23       000DA0
__end_of_INTERRUPT_InterruptManager             intcode      0000D6
__end_of_OSCILLATOR_Initialize                  text22       000D4A
__end_of_PIN_MANAGER_Initialize                 text21       000B66
__end_of_PWM4_Initialize                        text20       000D26
__end_of_PWM4_LoadDutyValue                     text3        000BD0
__end_of_PWM5_Initialize                        text19       000D12
__end_of_PWM5_LoadDutyValue                     text5        000C02
__end_of_SYSTEM_Initialize                      text16       000C86
__end_of_TMR2_Initialize                        text18       000D58
__end_of_TMR4_Initialize                        text17       000D38
__end_of___awdiv                                text15       00095C
__end_of___awtoft                               text12       000B9E
__end_of___ftadd                                text11       0004AA
__end_of___ftmul                                text10       000696
__end_of___ftneg                                text9        000CAA
__end_of___ftpack                               text13       00082E
__end_of___fttol                                text14       0005A2
__end_of__initialization                        cinit        000B18
__end_of_calculo_PID                            text8        000780
__end_of_leer_sensores                          text6        000A42
__end_of_main                                   text0        0002FE
__end_of_mover_motor_A                          text4        000ADE
__end_of_mover_motor_B                          text2        000A90
__end_of_moverse                                text1        000CE8
__initialization                                cinit        000ADE
__mediumconst                                   mediumconst  000000
__pbitbssCOMRAM                                 bitbssCOMRAM 000260
__pbssBANK0                                     bssBANK0     00008E
__pbssCOMRAM                                    bssCOMRAM    00003B
__pcinit                                        cinit        000ADE
__pcstackBANK0                                  cstackBANK0  000060
__pcstackCOMRAM                                 cstackCOMRAM 000001
__pdataBANK0                                    dataBANK0    0000B3
__pidataBANK0                                   idataBANK0   000D8A
__pintcode                                      intcode      000008
__ptext0                                        text0        0000DA
__ptext1                                        text1        000CCE
__ptext10                                       text10       0005A2
__ptext11                                       text11       0002FE
__ptext12                                       text12       000B66
__ptext13                                       text13       000780
__ptext14                                       text14       0004AA
__ptext15                                       text15       0008D8
__ptext16                                       text16       000C60
__ptext17                                       text17       000D26
__ptext18                                       text18       000D4A
__ptext19                                       text19       000CFE
__ptext2                                        text2        000A42
__ptext20                                       text20       000D12
__ptext21                                       text21       000B26
__ptext22                                       text22       000D38
__ptext23                                       text23       000D9C
__ptext24                                       text24       00095C
__ptext25                                       text25       000D58
__ptext26                                       text26       000D62
__ptext27                                       text27       000D6C
__ptext28                                       text28       000D76
__ptext29                                       text29       000D80
__ptext3                                        text3        000B9E
__ptext30                                       text30       000CE8
__ptext32                                       text32       000C32
__ptext33                                       text33       00082E
__ptext34                                       text34       000D90
__ptext35                                       text35       000DA0
__ptext36                                       text36       000D96
__ptext37                                       text37       000CAA
__ptext38                                       text38       000000
__ptext4                                        text4        000A90
__ptext5                                        text5        000BD0
__ptext6                                        text6        0009D0
__ptext7                                        text7        000C02
__ptext8                                        text8        000696
__ptext9                                        text9        000C86
__ramtop                                        ramtop       000600
__size_of_ADC_GetConversion                     (abs)        000000
__size_of_ADC_Initialize                        (abs)        000000
__size_of_EUSART1_DefaultErrorHandler           (abs)        000000
__size_of_EUSART1_DefaultFramingErrorHandler    (abs)        000000
__size_of_EUSART1_DefaultOverrunErrorHandler    (abs)        000000
__size_of_EUSART1_Initialize                    (abs)        000000
__size_of_EUSART1_Receive_ISR                   (abs)        000000
__size_of_EUSART1_RxDataHandler                 (abs)        000000
__size_of_EUSART1_SetErrorHandler               (abs)        000000
__size_of_EUSART1_SetFramingErrorHandler        (abs)        000000
__size_of_EUSART1_SetOverrunErrorHandler        (abs)        000000
__size_of_EUSART1_SetRxInterruptHandler         (abs)        000000
__size_of_EUSART1_SetTxInterruptHandler         (abs)        000000
__size_of_EUSART1_Transmit_ISR                  (abs)        000000
__size_of_INTERRUPT_Initialize                  (abs)        000000
__size_of_INTERRUPT_InterruptManager            (abs)        000000
__size_of_OSCILLATOR_Initialize                 (abs)        000000
__size_of_PIN_MANAGER_Initialize                (abs)        000000
__size_of_PWM4_Initialize                       (abs)        000000
__size_of_PWM4_LoadDutyValue                    (abs)        000000
__size_of_PWM5_Initialize                       (abs)        000000
__size_of_PWM5_LoadDutyValue                    (abs)        000000
__size_of_SYSTEM_Initialize                     (abs)        000000
__size_of_TMR2_Initialize                       (abs)        000000
__size_of_TMR4_Initialize                       (abs)        000000
__size_of___awdiv                               (abs)        000000
__size_of___awtoft                              (abs)        000000
__size_of___ftadd                               (abs)        000000
__size_of___ftmul                               (abs)        000000
__size_of___ftneg                               (abs)        000000
__size_of___ftpack                              (abs)        000000
__size_of___fttol                               (abs)        000000
__size_of_calculo_PID                           (abs)        000000
__size_of_leer_sensores                         (abs)        000000
__size_of_main                                  (abs)        000000
__size_of_mover_motor_A                         (abs)        000000
__size_of_mover_motor_B                         (abs)        000000
__size_of_moverse                               (abs)        000000
__smallconst                                    smallconst   000000
_calculo_PID                                    text8        000696
_eusart1RxBuffer                                bssBANK0     000096
_eusart1RxCount                                 bssCOMRAM    000046
_eusart1RxHead                                  bssCOMRAM    000048
_eusart1RxLastError                             bssCOMRAM    000045
_eusart1RxStatusBuffer                          bssBANK0     00008E
_eusart1RxTail                                  bssCOMRAM    000047
_eusart1TxBuffer                                bssBANK0     00009E
_eusart1TxBufferRemaining                       bssCOMRAM    000049
_eusart1TxHead                                  bssCOMRAM    00004B
_eusart1TxTail                                  bssCOMRAM    00004A
_flag_inicio                                    bitbssCOMRAM 000260
_leer_sensores                                  text6        0009D0
_main                                           text0        0000DA
_mover_motor_A                                  text4        000A90
_mover_motor_B                                  text2        000A42
_moverse                                        text1        000CCE
_sensor_derecho                                 bssBANK0     0000AB
_sensor_derecho_delantero                       bssBANK0     0000AD
_sensor_izquierdo                               bssBANK0     0000B1
_sensor_izquierdo_delantero                     bssBANK0     0000AF
_set_point                                      bssCOMRAM    00003F
btemp                                           temp         00004D
calculo_PID@correccion                          cstackBANK0  000060
calculo_PID@error                               cstackBANK0  000069
calculo_PID@last_error                          bssBANK0     0000A6
calculo_PID@valor_diferencial                   cstackBANK0  000066
calculo_PID@valor_proporcional                  cstackBANK0  000063
calculo_PID@valor_sensor                        cstackCOMRAM 000036
end_of_initialization                           cinit        000B18
int$flags                                       temp         00004D
intlevel0                                       text         000000
intlevel1                                       text         000000
intlevel2                                       text         000000
intlevel3                                       text         000000
leer_sensores@sensor                            cstackCOMRAM 000018
main@correccion                                 cstackBANK0  00008B
main@inicio                                     cstackBANK0  000085
main@mano                                       cstackBANK0  00008D
main@media_sensores                             cstackBANK0  000086
main@valor_sensor_derecho                       cstackBANK0  000089
main@valor_sensor_derecho_delantero             cstackBANK0  00007F
main@valor_sensor_izquierdo                     cstackBANK0  000087
main@valor_sensor_izquierdo_delantero           cstackBANK0  00007D
main@velocidad_motor_A                          cstackBANK0  000081
main@velocidad_motor_B                          cstackBANK0  000083
mover_motor_A@velocidad                         cstackCOMRAM 000017
mover_motor_B@velocidad                         cstackCOMRAM 000017
moverse@velocidad_A                             cstackCOMRAM 000019
moverse@velocidad_B                             cstackCOMRAM 00001B
stackhi                                         (abs)        0005FF
stacklo                                         (abs)        0000B9
start                                           init         0000D6
start_initialization                            cinit        000ADE
wtemp6                                          temp         00004E


FUNCTION INFORMATION:

 *************** function _main *****************
 Defined at:
		line 89 in file "main.c"
 Parameters:    Size  Location     Type
		None
 Auto vars:     Size  Location     Type
  correccion      2   43[BANK0 ] int 
  valor_sensor    2   41[BANK0 ] int 
  valor_sensor    2   39[BANK0 ] int 
  velocidad_mo    2   35[BANK0 ] int 
  velocidad_mo    2   33[BANK0 ] int 
  valor_sensor    2   31[BANK0 ] int 
  valor_sensor    2   29[BANK0 ] int 
  mano            1   45[BANK0 ] unsigned char 
  media_sensor    1   38[BANK0 ] unsigned char 
  inicio          1   37[BANK0 ] unsigned char 
 Return value:  Size  Location     Type
                  1    wreg      void 
 Registers used:
		wreg, status,2, status,0, cstack
 Tracked objects:
		On entry : 
		On exit  : 
		Unchanged: 
 Data sizes:     COMRAM   BANK0   BANK1   BANK2   BANK3   BANK4   BANK5
      Params:         0       0       0       0       0       0       0
      Locals:         0      17       0       0       0       0       0
      Temps:          0       2       0       0       0       0       0
      Totals:         0      19       0       0       0       0       0
Total ram usage:       19 bytes
 Hardware stack levels required when called:    7
 This function calls:
		_ADC_GetConversion
		_SYSTEM_Initialize
		___awdiv
		___fttol
		_calculo_PID
		_leer_sensores
		_moverse
 This function is called by:
		Startup code after reset
 This function uses a non-reentrant model


 *************** function _moverse *****************
 Defined at:
		line 252 in file "main.c"
 Parameters:    Size  Location     Type
  velocidad_A     2   24[COMRAM] int 
  velocidad_B     2   26[COMRAM] int 
 Auto vars:     Size  Location     Type
		None
 Return value:  Size  Location     Type
                  1    wreg      void 
 Registers used:
		wreg, status,2, status,0, cstack
 Tracked objects:
		On entry : 
		On exit  : 
		Unchanged: 
 Data sizes:     COMRAM   BANK0   BANK1   BANK2   BANK3   BANK4   BANK5
      Params:         4       0       0       0       0       0       0
      Locals:         0       0       0       0       0       0       0
      Temps:          0       0       0       0       0       0       0
      Totals:         4       0       0       0       0       0       0
Total ram usage:        4 bytes
 Hardware stack levels used:    1
 Hardware stack levels required when called:    6
 This function calls:
		_mover_motor_A
		_mover_motor_B
 This function is called by:
		_main
 This function uses a non-reentrant model


 *************** function _mover_motor_B *****************
 Defined at:
		line 218 in file "main.c"
 Parameters:    Size  Location     Type
  velocidad       2   22[COMRAM] int 
 Auto vars:     Size  Location     Type
		None
 Return value:  Size  Location     Type
                  1    wreg      void 
 Registers used:
		wreg, status,2, status,0, cstack
 Tracked objects:
		On entry : 
		On exit  : 
		Unchanged: 
 Data sizes:     COMRAM   BANK0   BANK1   BANK2   BANK3   BANK4   BANK5
      Params:         2       0       0       0       0       0       0
      Locals:         0       0       0       0       0       0       0
      Temps:          0       0       0       0       0       0       0
      Totals:         2       0       0       0       0       0       0
Total ram usage:        2 bytes
 Hardware stack levels used:    1
 Hardware stack levels required when called:    5
 This function calls:
		_PWM4_LoadDutyValue
 This function is called by:
		_moverse
 This function uses a non-reentrant model


 *************** function _PWM4_LoadDutyValue *****************
 Defined at:
		line 82 in file "mcc_generated_files/pwm4.c"
 Parameters:    Size  Location     Type
  dutyValue       2   18[COMRAM] unsigned int 
 Auto vars:     Size  Location     Type
		None
 Return value:  Size  Location     Type
                  1    wreg      void 
 Registers used:
		wreg, status,2, status,0
 Tracked objects:
		On entry : 
		On exit  : 
		Unchanged: 
 Data sizes:     COMRAM   BANK0   BANK1   BANK2   BANK3   BANK4   BANK5
      Params:         2       0       0       0       0       0       0
      Locals:         0       0       0       0       0       0       0
      Temps:          2       0       0       0       0       0       0
      Totals:         4       0       0       0       0       0       0
Total ram usage:        4 bytes
 Hardware stack levels used:    1
 Hardware stack levels required when called:    4
 This function calls:
		Nothing
 This function is called by:
		_mover_motor_B
		_parada
 This function uses a non-reentrant model


 *************** function _mover_motor_A *****************
 Defined at:
		line 196 in file "main.c"
 Parameters:    Size  Location     Type
  velocidad       2   22[COMRAM] int 
 Auto vars:     Size  Location     Type
		None
 Return value:  Size  Location     Type
                  1    wreg      void 
 Registers used:
		wreg, status,2, status,0, cstack
 Tracked objects:
		On entry : 
		On exit  : 
		Unchanged: 
 Data sizes:     COMRAM   BANK0   BANK1   BANK2   BANK3   BANK4   BANK5
      Params:         2       0       0       0       0       0       0
      Locals:         0       0       0       0       0       0       0
      Temps:          0       0       0       0       0       0       0
      Totals:         2       0       0       0       0       0       0
Total ram usage:        2 bytes
 Hardware stack levels used:    1
 Hardware stack levels required when called:    5
 This function calls:
		_PWM5_LoadDutyValue
 This function is called by:
		_moverse
 This function uses a non-reentrant model


 *************** function _PWM5_LoadDutyValue *****************
 Defined at:
		line 82 in file "mcc_generated_files/pwm5.c"
 Parameters:    Size  Location     Type
  dutyValue       2   18[COMRAM] unsigned int 
 Auto vars:     Size  Location     Type
		None
 Return value:  Size  Location     Type
                  1    wreg      void 
 Registers used:
		wreg, status,2, status,0
 Tracked objects:
		On entry : 
		On exit  : 
		Unchanged: 
 Data sizes:     COMRAM   BANK0   BANK1   BANK2   BANK3   BANK4   BANK5
      Params:         2       0       0       0       0       0       0
      Locals:         0       0       0       0       0       0       0
      Temps:          2       0       0       0       0       0       0
      Totals:         4       0       0       0       0       0       0
Total ram usage:        4 bytes
 Hardware stack levels used:    1
 Hardware stack levels required when called:    4
 This function calls:
		Nothing
 This function is called by:
		_mover_motor_A
		_parada
 This function uses a non-reentrant model


 *************** function _leer_sensores *****************
 Defined at:
		line 281 in file "main.c"
 Parameters:    Size  Location     Type
		None
 Auto vars:     Size  Location     Type
  sensor         16   23[COMRAM] int [8]
  numero_senso    1    0        unsigned char 
 Return value:  Size  Location     Type
                  1    wreg      void 
 Registers used:
		wreg, status,2, status,0, cstack
 Tracked objects:
		On entry : 
		On exit  : 
		Unchanged: 
 Data sizes:     COMRAM   BANK0   BANK1   BANK2   BANK3   BANK4   BANK5
      Params:         0       0       0       0       0       0       0
      Locals:        16       0       0       0       0       0       0
      Temps:          0       0       0       0       0       0       0
      Totals:        16       0       0       0       0       0       0
Total ram usage:       16 bytes
 Hardware stack levels used:    1
 Hardware stack levels required when called:    5
 This function calls:
		_ADC_GetConversion
 This function is called by:
		_main
 This function uses a non-reentrant model


 *************** function _ADC_GetConversion *****************
 Defined at:
		line 108 in file "mcc_generated_files/adc.c"
 Parameters:    Size  Location     Type
  channel         1    wreg     enum E6975
 Auto vars:     Size  Location     Type
  channel         1   22[COMRAM] enum E6975
 Return value:  Size  Location     Type
                  2   18[COMRAM] unsigned int 
 Registers used:
		wreg, status,2, status,0
 Tracked objects:
		On entry : 
		On exit  : 
		Unchanged: 
 Data sizes:     COMRAM   BANK0   BANK1   BANK2   BANK3   BANK4   BANK5
      Params:         2       0       0       0       0       0       0
      Locals:         1       0       0       0       0       0       0
      Temps:          2       0       0       0       0       0       0
      Totals:         5       0       0       0       0       0       0
Total ram usage:        5 bytes
 Hardware stack levels used:    1
 Hardware stack levels required when called:    4
 This function calls:
		Nothing
 This function is called by:
		_main
		_leer_sensores
 This function uses a non-reentrant model


 *************** function _calculo_PID *****************
 Defined at:
		line 258 in file "main.c"
 Parameters:    Size  Location     Type
  valor_sensor    2   53[COMRAM] int 
 Auto vars:     Size  Location     Type
  error           3    9[BANK0 ] float 
  valor_difere    3    6[BANK0 ] float 
  valor_propor    3    3[BANK0 ] float 
  correccion      3    0[BANK0 ] float 
 Return value:  Size  Location     Type
                  3   53[COMRAM] float 
 Registers used:
		wreg, status,2, status,0, cstack
 Tracked objects:
		On entry : 
		On exit  : 
		Unchanged: 
 Data sizes:     COMRAM   BANK0   BANK1   BANK2   BANK3   BANK4   BANK5
      Params:         3       0       0       0       0       0       0
      Locals:         0      12       0       0       0       0       0
      Temps:          2       0       0       0       0       0       0
      Totals:         5      12       0       0       0       0       0
Total ram usage:       17 bytes
 Hardware stack levels used:    1
 Hardware stack levels required when called:    6
 This function calls:
		___awtoft
		___ftadd
		___ftmul
		___ftneg
 This function is called by:
		_main
 This function uses a non-reentrant model


 *************** function ___ftneg *****************
 Defined at:
		line 15 in file "C:\Program Files (x86)\Microchip\xc8\v1.44\sources\common\ftneg.c"
 Parameters:    Size  Location     Type
  f1              3   18[COMRAM] float 
 Auto vars:     Size  Location     Type
		None
 Return value:  Size  Location     Type
                  3   18[COMRAM] float 
 Registers used:
		wreg, status,2, status,0
 Tracked objects:
		On entry : 
		On exit  : 
		Unchanged: 
 Data sizes:     COMRAM   BANK0   BANK1   BANK2   BANK3   BANK4   BANK5
      Params:         3       0       0       0       0       0       0
      Locals:         0       0       0       0       0       0       0
      Temps:          0       0       0       0       0       0       0
      Totals:         3       0       0       0       0       0       0
Total ram usage:        3 bytes
 Hardware stack levels used:    1
 Hardware stack levels required when called:    4
 This function calls:
		Nothing
 This function is called by:
		_calculo_PID
 This function uses a non-reentrant model


 *************** function ___ftmul *****************
 Defined at:
		line 62 in file "C:\Program Files (x86)\Microchip\xc8\v1.44\sources\common\ftmul.c"
 Parameters:    Size  Location     Type
  f1              3   38[COMRAM] float 
  f2              3   41[COMRAM] float 
 Auto vars:     Size  Location     Type
  f3_as_produc    3   48[COMRAM] unsigned um
  sign            1   52[COMRAM] unsigned char 
  cntr            1   51[COMRAM] unsigned char 
  exp             1   47[COMRAM] unsigned char 
 Return value:  Size  Location     Type
                  3   38[COMRAM] float 
 Registers used:
		wreg, status,2, status,0, cstack
 Tracked objects:
		On entry : 
		On exit  : 
		Unchanged: 
 Data sizes:     COMRAM   BANK0   BANK1   BANK2   BANK3   BANK4   BANK5
      Params:         6       0       0       0       0       0       0
      Locals:         6       0       0       0       0       0       0
      Temps:          3       0       0       0       0       0       0
      Totals:        15       0       0       0       0       0       0
Total ram usage:       15 bytes
 Hardware stack levels used:    1
 Hardware stack levels required when called:    5
 This function calls:
		___ftpack
 This function is called by:
		_calculo_PID
 This function uses a non-reentrant model


 *************** function ___ftadd *****************
 Defined at:
		line 86 in file "C:\Program Files (x86)\Microchip\xc8\v1.44\sources\common\ftadd.c"
 Parameters:    Size  Location     Type
  f1              3   26[COMRAM] float 
  f2              3   29[COMRAM] float 
 Auto vars:     Size  Location     Type
  exp1            1   37[COMRAM] unsigned char 
  exp2            1   36[COMRAM] unsigned char 
  sign            1   35[COMRAM] unsigned char 
 Return value:  Size  Location     Type
                  3   26[COMRAM] float 
 Registers used:
		wreg, status,2, status,0, cstack
 Tracked objects:
		On entry : 
		On exit  : 
		Unchanged: 
 Data sizes:     COMRAM   BANK0   BANK1   BANK2   BANK3   BANK4   BANK5
      Params:         6       0       0       0       0       0       0
      Locals:         3       0       0       0       0       0       0
      Temps:          3       0       0       0       0       0       0
      Totals:        12       0       0       0       0       0       0
Total ram usage:       12 bytes
 Hardware stack levels used:    1
 Hardware stack levels required when called:    5
 This function calls:
		___ftpack
 This function is called by:
		_calculo_PID
 This function uses a non-reentrant model


 *************** function ___awtoft *****************
 Defined at:
		line 32 in file "C:\Program Files (x86)\Microchip\xc8\v1.44\sources\common\awtoft.c"
 Parameters:    Size  Location     Type
  c               2   26[COMRAM] int 
 Auto vars:     Size  Location     Type
  sign            1   29[COMRAM] unsigned char 
 Return value:  Size  Location     Type
                  3   26[COMRAM] float 
 Registers used:
		wreg, status,2, status,0, cstack
 Tracked objects:
		On entry : 
		On exit  : 
		Unchanged: 
 Data sizes:     COMRAM   BANK0   BANK1   BANK2   BANK3   BANK4   BANK5
      Params:         3       0       0       0       0       0       0
      Locals:         1       0       0       0       0       0       0
      Temps:          0       0       0       0       0       0       0
      Totals:         4       0       0       0       0       0       0
Total ram usage:        4 bytes
 Hardware stack levels used:    1
 Hardware stack levels required when called:    5
 This function calls:
		___ftpack
 This function is called by:
		_calculo_PID
 This function uses a non-reentrant model


 *************** function ___ftpack *****************
 Defined at:
		line 62 in file "C:\Program Files (x86)\Microchip\xc8\v1.44\sources\common\float.c"
 Parameters:    Size  Location     Type
  arg             3   18[COMRAM] unsigned um
  exp             1   21[COMRAM] unsigned char 
  sign            1   22[COMRAM] unsigned char 
 Auto vars:     Size  Location     Type
		None
 Return value:  Size  Location     Type
                  3   18[COMRAM] float 
 Registers used:
		wreg, status,2, status,0
 Tracked objects:
		On entry : 
		On exit  : 
		Unchanged: 
 Data sizes:     COMRAM   BANK0   BANK1   BANK2   BANK3   BANK4   BANK5
      Params:         5       0       0       0       0       0       0
      Locals:         0       0       0       0       0       0       0
      Temps:          3       0       0       0       0       0       0
      Totals:         8       0       0       0       0       0       0
Total ram usage:        8 bytes
 Hardware stack levels used:    1
 Hardware stack levels required when called:    4
 This function calls:
		Nothing
 This function is called by:
		___awtoft
		___ftadd
		___ftmul
 This function uses a non-reentrant model


 *************** function ___fttol *****************
 Defined at:
		line 44 in file "C:\Program Files (x86)\Microchip\xc8\v1.44\sources\common\fttol.c"
 Parameters:    Size  Location     Type
  f1              3   12[BANK0 ] float 
 Auto vars:     Size  Location     Type
  lval            4   22[BANK0 ] unsigned long 
  exp1            1   26[BANK0 ] unsigned char 
  sign1           1   21[BANK0 ] unsigned char 
 Return value:  Size  Location     Type
                  4   12[BANK0 ] long 
 Registers used:
		wreg, status,2, status,0
 Tracked objects:
		On entry : 
		On exit  : 
		Unchanged: 
 Data sizes:     COMRAM   BANK0   BANK1   BANK2   BANK3   BANK4   BANK5
      Params:         0       4       0       0       0       0       0
      Locals:         0       6       0       0       0       0       0
      Temps:          0       5       0       0       0       0       0
      Totals:         0      15       0       0       0       0       0
Total ram usage:       15 bytes
 Hardware stack levels used:    1
 Hardware stack levels required when called:    4
 This function calls:
		Nothing
 This function is called by:
		_main
 This function uses a non-reentrant model


 *************** function ___awdiv *****************
 Defined at:
		line 8 in file "C:\Program Files (x86)\Microchip\xc8\v1.44\sources\common\awdiv.c"
 Parameters:    Size  Location     Type
  dividend        2   18[COMRAM] int 
  divisor         2   20[COMRAM] int 
 Auto vars:     Size  Location     Type
  quotient        2   24[COMRAM] int 
  sign            1   23[COMRAM] unsigned char 
  counter         1   22[COMRAM] unsigned char 
 Return value:  Size  Location     Type
                  2   18[COMRAM] int 
 Registers used:
		wreg, status,2, status,0
 Tracked objects:
		On entry : 
		On exit  : 
		Unchanged: 
 Data sizes:     COMRAM   BANK0   BANK1   BANK2   BANK3   BANK4   BANK5
      Params:         4       0       0       0       0       0       0
      Locals:         4       0       0       0       0       0       0
      Temps:          0       0       0       0       0       0       0
      Totals:         8       0       0       0       0       0       0
Total ram usage:        8 bytes
 Hardware stack levels used:    1
 Hardware stack levels required when called:    4
 This function calls:
		Nothing
 This function is called by:
		_main
 This function uses a non-reentrant model


 *************** function _SYSTEM_Initialize *****************
 Defined at:
		line 50 in file "mcc_generated_files/mcc.c"
 Parameters:    Size  Location     Type
		None
 Auto vars:     Size  Location     Type
		None
 Return value:  Size  Location     Type
                  1    wreg      void 
 Registers used:
		wreg, status,2, status,0, cstack
 Tracked objects:
		On entry : 
		On exit  : 
		Unchanged: 
 Data sizes:     COMRAM   BANK0   BANK1   BANK2   BANK3   BANK4   BANK5
      Params:         0       0       0       0       0       0       0
      Locals:         0       0       0       0       0       0       0
      Temps:          0       0       0       0       0       0       0
      Totals:         0       0       0       0       0       0       0
Total ram usage:        0 bytes
 Hardware stack levels used:    1
 Hardware stack levels required when called:    6
 This function calls:
		_ADC_Initialize
		_EUSART1_Initialize
		_INTERRUPT_Initialize
		_OSCILLATOR_Initialize
		_PIN_MANAGER_Initialize
		_PWM4_Initialize
		_PWM5_Initialize
		_TMR2_Initialize
		_TMR4_Initialize
 This function is called by:
		_main
 This function uses a non-reentrant model


 *************** function _TMR4_Initialize *****************
 Defined at:
		line 62 in file "mcc_generated_files/tmr4.c"
 Parameters:    Size  Location     Type
		None
 Auto vars:     Size  Location     Type
		None
 Return value:  Size  Location     Type
                  1    wreg      void 
 Registers used:
		wreg, status,2
 Tracked objects:
		On entry : 
		On exit  : 
		Unchanged: 
 Data sizes:     COMRAM   BANK0   BANK1   BANK2   BANK3   BANK4   BANK5
      Params:         0       0       0       0       0       0       0
      Locals:         0       0       0       0       0       0       0
      Temps:          0       0       0       0       0       0       0
      Totals:         0       0       0       0       0       0       0
Total ram usage:        0 bytes
 Hardware stack levels used:    1
 Hardware stack levels required when called:    4
 This function calls:
		Nothing
 This function is called by:
		_SYSTEM_Initialize
 This function uses a non-reentrant model


 *************** function _TMR2_Initialize *****************
 Defined at:
		line 62 in file "mcc_generated_files/tmr2.c"
 Parameters:    Size  Location     Type
		None
 Auto vars:     Size  Location     Type
		None
 Return value:  Size  Location     Type
                  1    wreg      void 
 Registers used:
		wreg, status,2
 Tracked objects:
		On entry : 
		On exit  : 
		Unchanged: 
 Data sizes:     COMRAM   BANK0   BANK1   BANK2   BANK3   BANK4   BANK5
      Params:         0       0       0       0       0       0       0
      Locals:         0       0       0       0       0       0       0
      Temps:          0       0       0       0       0       0       0
      Totals:         0       0       0       0       0       0       0
Total ram usage:        0 bytes
 Hardware stack levels used:    1
 Hardware stack levels required when called:    4
 This function calls:
		Nothing
 This function is called by:
		_SYSTEM_Initialize
 This function uses a non-reentrant model


 *************** function _PWM5_Initialize *****************
 Defined at:
		line 64 in file "mcc_generated_files/pwm5.c"
 Parameters:    Size  Location     Type
		None
 Auto vars:     Size  Location     Type
		None
 Return value:  Size  Location     Type
                  1    wreg      void 
 Registers used:
		wreg, status,2
 Tracked objects:
		On entry : 
		On exit  : 
		Unchanged: 
 Data sizes:     COMRAM   BANK0   BANK1   BANK2   BANK3   BANK4   BANK5
      Params:         0       0       0       0       0       0       0
      Locals:         0       0       0       0       0       0       0
      Temps:          0       0       0       0       0       0       0
      Totals:         0       0       0       0       0       0       0
Total ram usage:        0 bytes
 Hardware stack levels used:    1
 Hardware stack levels required when called:    4
 This function calls:
		Nothing
 This function is called by:
		_SYSTEM_Initialize
 This function uses a non-reentrant model


 *************** function _PWM4_Initialize *****************
 Defined at:
		line 64 in file "mcc_generated_files/pwm4.c"
 Parameters:    Size  Location     Type
		None
 Auto vars:     Size  Location     Type
		None
 Return value:  Size  Location     Type
                  1    wreg      void 
 Registers used:
		wreg, status,2
 Tracked objects:
		On entry : 
		On exit  : 
		Unchanged: 
 Data sizes:     COMRAM   BANK0   BANK1   BANK2   BANK3   BANK4   BANK5
      Params:         0       0       0       0       0       0       0
      Locals:         0       0       0       0       0       0       0
      Temps:          0       0       0       0       0       0       0
      Totals:         0       0       0       0       0       0       0
Total ram usage:        0 bytes
 Hardware stack levels used:    1
 Hardware stack levels required when called:    4
 This function calls:
		Nothing
 This function is called by:
		_SYSTEM_Initialize
 This function uses a non-reentrant model


 *************** function _PIN_MANAGER_Initialize *****************
 Defined at:
		line 55 in file "mcc_generated_files/pin_manager.c"
 Parameters:    Size  Location     Type
		None
 Auto vars:     Size  Location     Type
		None
 Return value:  Size  Location     Type
                  1    wreg      void 
 Registers used:
		wreg, status,2
 Tracked objects:
		On entry : 
		On exit  : 
		Unchanged: 
 Data sizes:     COMRAM   BANK0   BANK1   BANK2   BANK3   BANK4   BANK5
      Params:         0       0       0       0       0       0       0
      Locals:         0       0       0       0       0       0       0
      Temps:          0       0       0       0       0       0       0
      Totals:         0       0       0       0       0       0       0
Total ram usage:        0 bytes
 Hardware stack levels used:    1
 Hardware stack levels required when called:    4
 This function calls:
		Nothing
 This function is called by:
		_SYSTEM_Initialize
 This function uses a non-reentrant model


 *************** function _OSCILLATOR_Initialize *****************
 Defined at:
		line 64 in file "mcc_generated_files/mcc.c"
 Parameters:    Size  Location     Type
		None
 Auto vars:     Size  Location     Type
		None
 Return value:  Size  Location     Type
                  1    wreg      void 
 Registers used:
		wreg, status,2
 Tracked objects:
		On entry : 
		On exit  : 
		Unchanged: 
 Data sizes:     COMRAM   BANK0   BANK1   BANK2   BANK3   BANK4   BANK5
      Params:         0       0       0       0       0       0       0
      Locals:         0       0       0       0       0       0       0
      Temps:          0       0       0       0       0       0       0
      Totals:         0       0       0       0       0       0       0
Total ram usage:        0 bytes
 Hardware stack levels used:    1
 Hardware stack levels required when called:    4
 This function calls:
		Nothing
 This function is called by:
		_SYSTEM_Initialize
 This function uses a non-reentrant model


 *************** function _INTERRUPT_Initialize *****************
 Defined at:
		line 52 in file "mcc_generated_files/interrupt_manager.c"
 Parameters:    Size  Location     Type
		None
 Auto vars:     Size  Location     Type
		None
 Return value:  Size  Location     Type
                  1    wreg      void 
 Registers used:
		None
 Tracked objects:
		On entry : 
		On exit  : 
		Unchanged: 
 Data sizes:     COMRAM   BANK0   BANK1   BANK2   BANK3   BANK4   BANK5
      Params:         0       0       0       0       0       0       0
      Locals:         0       0       0       0       0       0       0
      Temps:          0       0       0       0       0       0       0
      Totals:         0       0       0       0       0       0       0
Total ram usage:        0 bytes
 Hardware stack levels used:    1
 Hardware stack levels required when called:    4
 This function calls:
		Nothing
 This function is called by:
		_SYSTEM_Initialize
 This function uses a non-reentrant model


 *************** function _EUSART1_Initialize *****************
 Defined at:
		line 85 in file "mcc_generated_files/eusart1.c"
 Parameters:    Size  Location     Type
		None
 Auto vars:     Size  Location     Type
		None
 Return value:  Size  Location     Type
                  1    wreg      void 
 Registers used:
		wreg, status,2, status,0, cstack
 Tracked objects:
		On entry : 
		On exit  : 
		Unchanged: 
 Data sizes:     COMRAM   BANK0   BANK1   BANK2   BANK3   BANK4   BANK5
      Params:         0       0       0       0       0       0       0
      Locals:         0       0       0       0       0       0       0
      Temps:          0       0       0       0       0       0       0
      Totals:         0       0       0       0       0       0       0
Total ram usage:        0 bytes
 Hardware stack levels used:    1
 Hardware stack levels required when called:    5
 This function calls:
		_EUSART1_SetErrorHandler
		_EUSART1_SetFramingErrorHandler
		_EUSART1_SetOverrunErrorHandler
		_EUSART1_SetRxInterruptHandler
		_EUSART1_SetTxInterruptHandler
 This function is called by:
		_SYSTEM_Initialize
 This function uses a non-reentrant model


 *************** function _EUSART1_SetTxInterruptHandler *****************
 Defined at:
		line 282 in file "mcc_generated_files/eusart1.c"
 Parameters:    Size  Location     Type
  interruptHan    2   18[COMRAM] PTR FTN()void 
		 -> EUSART1_Transmit_ISR(1), 
 Auto vars:     Size  Location     Type
		None
 Return value:  Size  Location     Type
                  1    wreg      void 
 Registers used:
		wreg, status,2, status,0
 Tracked objects:
		On entry : 
		On exit  : 
		Unchanged: 
 Data sizes:     COMRAM   BANK0   BANK1   BANK2   BANK3   BANK4   BANK5
      Params:         2       0       0       0       0       0       0
      Locals:         0       0       0       0       0       0       0
      Temps:          0       0       0       0       0       0       0
      Totals:         2       0       0       0       0       0       0
Total ram usage:        2 bytes
 Hardware stack levels used:    1
 Hardware stack levels required when called:    4
 This function calls:
		Nothing
 This function is called by:
		_EUSART1_Initialize
 This function uses a non-reentrant model


 *************** function _EUSART1_SetRxInterruptHandler *****************
 Defined at:
		line 286 in file "mcc_generated_files/eusart1.c"
 Parameters:    Size  Location     Type
  interruptHan    2   18[COMRAM] PTR FTN()void 
		 -> EUSART1_Receive_ISR(1), 
 Auto vars:     Size  Location     Type
		None
 Return value:  Size  Location     Type
                  1    wreg      void 
 Registers used:
		wreg, status,2, status,0
 Tracked objects:
		On entry : 
		On exit  : 
		Unchanged: 
 Data sizes:     COMRAM   BANK0   BANK1   BANK2   BANK3   BANK4   BANK5
      Params:         2       0       0       0       0       0       0
      Locals:         0       0       0       0       0       0       0
      Temps:          0       0       0       0       0       0       0
      Totals:         2       0       0       0       0       0       0
Total ram usage:        2 bytes
 Hardware stack levels used:    1
 Hardware stack levels required when called:    4
 This function calls:
		Nothing
 This function is called by:
		_EUSART1_Initialize
 This function uses a non-reentrant model


 *************** function _EUSART1_SetOverrunErrorHandler *****************
 Defined at:
		line 274 in file "mcc_generated_files/eusart1.c"
 Parameters:    Size  Location     Type
  interruptHan    2   18[COMRAM] PTR FTN()void 
		 -> EUSART1_DefaultOverrunErrorHandler(1), 
 Auto vars:     Size  Location     Type
		None
 Return value:  Size  Location     Type
                  1    wreg      void 
 Registers used:
		wreg, status,2, status,0
 Tracked objects:
		On entry : 
		On exit  : 
		Unchanged: 
 Data sizes:     COMRAM   BANK0   BANK1   BANK2   BANK3   BANK4   BANK5
      Params:         2       0       0       0       0       0       0
      Locals:         0       0       0       0       0       0       0
      Temps:          0       0       0       0       0       0       0
      Totals:         2       0       0       0       0       0       0
Total ram usage:        2 bytes
 Hardware stack levels used:    1
 Hardware stack levels required when called:    4
 This function calls:
		Nothing
 This function is called by:
		_EUSART1_Initialize
 This function uses a non-reentrant model


 *************** function _EUSART1_SetFramingErrorHandler *****************
 Defined at:
		line 270 in file "mcc_generated_files/eusart1.c"
 Parameters:    Size  Location     Type
  interruptHan    2   18[COMRAM] PTR FTN()void 
		 -> EUSART1_DefaultFramingErrorHandler(1), 
 Auto vars:     Size  Location     Type
		None
 Return value:  Size  Location     Type
                  1    wreg      void 
 Registers used:
		wreg, status,2, status,0
 Tracked objects:
		On entry : 
		On exit  : 
		Unchanged: 
 Data sizes:     COMRAM   BANK0   BANK1   BANK2   BANK3   BANK4   BANK5
      Params:         2       0       0       0       0       0       0
      Locals:         0       0       0       0       0       0       0
      Temps:          0       0       0       0       0       0       0
      Totals:         2       0       0       0       0       0       0
Total ram usage:        2 bytes
 Hardware stack levels used:    1
 Hardware stack levels required when called:    4
 This function calls:
		Nothing
 This function is called by:
		_EUSART1_Initialize
 This function uses a non-reentrant model


 *************** function _EUSART1_SetErrorHandler *****************
 Defined at:
		line 278 in file "mcc_generated_files/eusart1.c"
 Parameters:    Size  Location     Type
  interruptHan    2   18[COMRAM] PTR FTN()void 
		 -> EUSART1_DefaultErrorHandler(1), 
 Auto vars:     Size  Location     Type
		None
 Return value:  Size  Location     Type
                  1    wreg      void 
 Registers used:
		wreg, status,2, status,0
 Tracked objects:
		On entry : 
		On exit  : 
		Unchanged: 
 Data sizes:     COMRAM   BANK0   BANK1   BANK2   BANK3   BANK4   BANK5
      Params:         2       0       0       0       0       0       0
      Locals:         0       0       0       0       0       0       0
      Temps:          0       0       0       0       0       0       0
      Totals:         2       0       0       0       0       0       0
Total ram usage:        2 bytes
 Hardware stack levels used:    1
 Hardware stack levels required when called:    4
 This function calls:
		Nothing
 This function is called by:
		_EUSART1_Initialize
 This function uses a non-reentrant model


 *************** function _ADC_Initialize *****************
 Defined at:
		line 60 in file "mcc_generated_files/adc.c"
 Parameters:    Size  Location     Type
		None
 Auto vars:     Size  Location     Type
		None
 Return value:  Size  Location     Type
                  1    wreg      void 
 Registers used:
		wreg, status,2
 Tracked objects:
		On entry : 
		On exit  : 
		Unchanged: 
 Data sizes:     COMRAM   BANK0   BANK1   BANK2   BANK3   BANK4   BANK5
      Params:         0       0       0       0       0       0       0
      Locals:         0       0       0       0       0       0       0
      Temps:          0       0       0       0       0       0       0
      Totals:         0       0       0       0       0       0       0
Total ram usage:        0 bytes
 Hardware stack levels used:    1
 Hardware stack levels required when called:    4
 This function calls:
		Nothing
 This function is called by:
		_SYSTEM_Initialize
 This function uses a non-reentrant model


 *************** function _INTERRUPT_InterruptManager *****************
 Defined at:
		line 58 in file "mcc_generated_files/interrupt_manager.c"
 Parameters:    Size  Location     Type
		None
 Auto vars:     Size  Location     Type
		None
 Return value:  Size  Location     Type
                  1    wreg      void 
 Registers used:
		wreg, fsr2l, fsr2h, status,2, status,0, pclath, tosl, prodl, prodh, cstack
 Tracked objects:
		On entry : 
		On exit  : 
		Unchanged: 
 Data sizes:     COMRAM   BANK0   BANK1   BANK2   BANK3   BANK4   BANK5
      Params:         0       0       0       0       0       0       0
      Locals:         0       0       0       0       0       0       0
      Temps:         18       0       0       0       0       0       0
      Totals:        18       0       0       0       0       0       0
Total ram usage:       18 bytes
 Hardware stack levels used:    1
 Hardware stack levels required when called:    3
 This function calls:
		Absolute function
		_EUSART1_Receive_ISR
		_EUSART1_Transmit_ISR
 This function is called by:
		Interrupt level 2
 This function uses a non-reentrant model


 *************** function _EUSART1_Transmit_ISR *****************
 Defined at:
		line 203 in file "mcc_generated_files/eusart1.c"
 Parameters:    Size  Location     Type
		None
 Auto vars:     Size  Location     Type
		None
 Return value:  Size  Location     Type
                  1    wreg      void 
 Registers used:
		wreg, fsr2l, fsr2h, status,2, status,0, prodl, prodh
 Tracked objects:
		On entry : 
		On exit  : 
		Unchanged: 
 Data sizes:     COMRAM   BANK0   BANK1   BANK2   BANK3   BANK4   BANK5
      Params:         0       0       0       0       0       0       0
      Locals:         0       0       0       0       0       0       0
      Temps:          0       0       0       0       0       0       0
      Totals:         0       0       0       0       0       0       0
Total ram usage:        0 bytes
 Hardware stack levels used:    1
 This function calls:
		Nothing
 This function is called by:
		_EUSART1_Initialize
		_INTERRUPT_InterruptManager
 This function uses a non-reentrant model


 *************** function _EUSART1_Receive_ISR *****************
 Defined at:
		line 222 in file "mcc_generated_files/eusart1.c"
 Parameters:    Size  Location     Type
		None
 Auto vars:     Size  Location     Type
		None
 Return value:  Size  Location     Type
                  1    wreg      void 
 Registers used:
		wreg, fsr2l, fsr2h, status,2, status,0, pclath, tosl, prodl, prodh, cstack
 Tracked objects:
		On entry : 
		On exit  : 
		Unchanged: 
 Data sizes:     COMRAM   BANK0   BANK1   BANK2   BANK3   BANK4   BANK5
      Params:         0       0       0       0       0       0       0
      Locals:         0       0       0       0       0       0       0
      Temps:          0       0       0       0       0       0       0
      Totals:         0       0       0       0       0       0       0
Total ram usage:        0 bytes
 Hardware stack levels used:    1
 Hardware stack levels required when called:    2
 This function calls:
		Absolute function
		_EUSART1_DefaultErrorHandler
		_EUSART1_DefaultFramingErrorHandler
		_EUSART1_DefaultOverrunErrorHandler
		_EUSART1_RxDataHandler
 This function is called by:
		_EUSART1_Initialize
		_INTERRUPT_InterruptManager
 This function uses a non-reentrant model


 *************** function _EUSART1_DefaultOverrunErrorHandler *****************
 Defined at:
		line 258 in file "mcc_generated_files/eusart1.c"
 Parameters:    Size  Location     Type
		None
 Auto vars:     Size  Location     Type
		None
 Return value:  Size  Location     Type
                  1    wreg      void 
 Registers used:
		None
 Tracked objects:
		On entry : 
		On exit  : 
		Unchanged: 
 Data sizes:     COMRAM   BANK0   BANK1   BANK2   BANK3   BANK4   BANK5
      Params:         0       0       0       0       0       0       0
      Locals:         0       0       0       0       0       0       0
      Temps:          0       0       0       0       0       0       0
      Totals:         0       0       0       0       0       0       0
Total ram usage:        0 bytes
 Hardware stack levels used:    1
 This function calls:
		Nothing
 This function is called by:
		_EUSART1_Initialize
		_EUSART1_Receive_ISR
 This function uses a non-reentrant model


 *************** function _EUSART1_DefaultFramingErrorHandler *****************
 Defined at:
		line 256 in file "mcc_generated_files/eusart1.c"
 Parameters:    Size  Location     Type
		None
 Auto vars:     Size  Location     Type
		None
 Return value:  Size  Location     Type
                  1    wreg      void 
 Registers used:
		None
 Tracked objects:
		On entry : 
		On exit  : 
		Unchanged: 
 Data sizes:     COMRAM   BANK0   BANK1   BANK2   BANK3   BANK4   BANK5
      Params:         0       0       0       0       0       0       0
      Locals:         0       0       0       0       0       0       0
      Temps:          0       0       0       0       0       0       0
      Totals:         0       0       0       0       0       0       0
Total ram usage:        0 bytes
 Hardware stack levels used:    1
 This function calls:
		Nothing
 This function is called by:
		_EUSART1_Initialize
		_EUSART1_Receive_ISR
 This function uses a non-reentrant model


 *************** function _EUSART1_DefaultErrorHandler *****************
 Defined at:
		line 266 in file "mcc_generated_files/eusart1.c"
 Parameters:    Size  Location     Type
		None
 Auto vars:     Size  Location     Type
		None
 Return value:  Size  Location     Type
                  1    wreg      void 
 Registers used:
		wreg, fsr2l, fsr2h, status,2, status,0, prodl, prodh, cstack
 Tracked objects:
		On entry : 
		On exit  : 
		Unchanged: 
 Data sizes:     COMRAM   BANK0   BANK1   BANK2   BANK3   BANK4   BANK5
      Params:         0       0       0       0       0       0       0
      Locals:         0       0       0       0       0       0       0
      Temps:          0       0       0       0       0       0       0
      Totals:         0       0       0       0       0       0       0
Total ram usage:        0 bytes
 Hardware stack levels used:    1
 Hardware stack levels required when called:    1
 This function calls:
		_EUSART1_RxDataHandler
 This function is called by:
		_EUSART1_Initialize
		_EUSART1_Receive_ISR
 This function uses a non-reentrant model


 *************** function _EUSART1_RxDataHandler *****************
 Defined at:
		line 246 in file "mcc_generated_files/eusart1.c"
 Parameters:    Size  Location     Type
		None
 Auto vars:     Size  Location     Type
		None
 Return value:  Size  Location     Type
                  1    wreg      void 
 Registers used:
		wreg, fsr2l, fsr2h, status,2, status,0, prodl, prodh
 Tracked objects:
		On entry : 
		On exit  : 
		Unchanged: 
 Data sizes:     COMRAM   BANK0   BANK1   BANK2   BANK3   BANK4   BANK5
      Params:         0       0       0       0       0       0       0
      Locals:         0       0       0       0       0       0       0
      Temps:          0       0       0       0       0       0       0
      Totals:         0       0       0       0       0       0       0
Total ram usage:        0 bytes
 Hardware stack levels used:    1
 This function calls:
		Nothing
 This function is called by:
		_EUSART1_Receive_ISR
		_EUSART1_DefaultErrorHandler
 This function uses a non-reentrant model



MODULE INFORMATION

Module		Function		Class		Link	Load	Size
C:\Program Files (x86)\Microchip\xc8\v1.44\sources\common\awtoft.c
		___awtoft      		CODE           	0B66	0000	57

C:\Program Files (x86)\Microchip\xc8\v1.44\sources\common\awtoft.c estimated size: 57

mcc_generated_files/tmr4.c
		_TMR4_Initialize		CODE           	0D26	0000	19

mcc_generated_files/tmr4.c estimated size: 19

mcc_generated_files/pwm4.c
		_PWM4_Initialize		CODE           	0D12	0000	21
		_PWM4_LoadDutyValue		CODE           	0B9E	0000	51

mcc_generated_files/pwm4.c estimated size: 72

mcc_generated_files/tmr2.c
		_TMR2_Initialize		CODE           	0D4A	0000	15

mcc_generated_files/tmr2.c estimated size: 15

mcc_generated_files/interrupt_manager.c
		_INTERRUPT_Initialize		CODE           	0D9C	0000	5
		_INTERRUPT_InterruptManager		CODE           	0008	0000	207

mcc_generated_files/interrupt_manager.c estimated size: 212

C:\Program Files (x86)\Microchip\xc8\v1.44\sources\common\ftmul.c
		___ftmul       		CODE           	05A2	0000	245

C:\Program Files (x86)\Microchip\xc8\v1.44\sources\common\ftmul.c estimated size: 245

mcc_generated_files/pin_manager.c
		_PIN_MANAGER_Initialize		CODE           	0B26	0000	65

mcc_generated_files/pin_manager.c estimated size: 65

mcc_generated_files/adc.c
		_ADC_Initialize		CODE           	0CE8	0000	23
		_ADC_GetConversion		CODE           	0C02	0000	49

mcc_generated_files/adc.c estimated size: 72

C:\Program Files (x86)\Microchip\xc8\v1.44\sources\common\fttol.c
		___fttol       		CODE           	04AA	0000	249

C:\Program Files (x86)\Microchip\xc8\v1.44\sources\common\fttol.c estimated size: 249

shared
		__initialization		CODE           	0ADE	0000	59

shared estimated size: 59

C:\Program Files (x86)\Microchip\xc8\v1.44\sources\common\awdiv.c
		___awdiv       		CODE           	08D8	0000	133

C:\Program Files (x86)\Microchip\xc8\v1.44\sources\common\awdiv.c estimated size: 133

mcc_generated_files/eusart1.c
		_EUSART1_SetRxInterruptHandler		CODE           	0D62	0000	11
		_EUSART1_SetTxInterruptHandler		CODE           	0D58	0000	11
		_EUSART1_Initialize		CODE           	095C	0000	117
		_EUSART1_DefaultErrorHandler		CODE           	0D96	0000	7
		_EUSART1_SetFramingErrorHandler		CODE           	0D76	0000	11
		_EUSART1_SetOverrunErrorHandler		CODE           	0D6C	0000	11
		_EUSART1_SetErrorHandler		CODE           	0D80	0000	11
		_EUSART1_Receive_ISR		CODE           	082E	0000	171
		_EUSART1_RxDataHandler		CODE           	0CAA	0000	37
		_EUSART1_DefaultOverrunErrorHandler		CODE           	0D90	0000	7
		_EUSART1_Transmit_ISR		CODE           	0C32	0000	47
		_EUSART1_DefaultFramingErrorHandler		CODE           	0DA0	0000	3

mcc_generated_files/eusart1.c estimated size: 444

mcc_generated_files/pwm5.c
		_PWM5_LoadDutyValue		CODE           	0BD0	0000	51
		_PWM5_Initialize		CODE           	0CFE	0000	21

mcc_generated_files/pwm5.c estimated size: 72

C:\Program Files (x86)\Microchip\xc8\v1.44\sources\common\ftadd.c
		___ftadd       		CODE           	02FE	0000	429

C:\Program Files (x86)\Microchip\xc8\v1.44\sources\common\ftadd.c estimated size: 429

mcc_generated_files/mcc.c
		_OSCILLATOR_Initialize		CODE           	0D38	0000	19
		_SYSTEM_Initialize		CODE           	0C60	0000	39

mcc_generated_files/mcc.c estimated size: 58

C:\Program Files (x86)\Microchip\xc8\v1.44\sources\common\ftneg.c
		___ftneg       		CODE           	0C86	0000	37

C:\Program Files (x86)\Microchip\xc8\v1.44\sources\common\ftneg.c estimated size: 37

main.c
		_moverse       		CODE           	0CCE	0000	27
		_calculo_PID   		CODE           	0696	0000	235
		_leer_sensores 		CODE           	09D0	0000	115
		_main          		CODE           	00DA	0000	549
		_mover_motor_A 		CODE           	0A90	0000	79
		_mover_motor_B 		CODE           	0A42	0000	79

main.c estimated size: 1084

C:\Program Files (x86)\Microchip\xc8\v1.44\sources\common\float.c
		___ftpack      		CODE           	0780	0000	175

C:\Program Files (x86)\Microchip\xc8\v1.44\sources\common\float.c estimated size: 175

